Clone count	Clone fraction	Clonal sequence(s)	Clonal sequence quality(s)	All V hits	All D hits	All J hits	All C hits	All V alignment	All D alignment	All J alignment	All C alignment	N. Seq. FR1	Min. qual. FR1	N. Seq. CDR1	Min. qual. CDR1	N. Seq. FR2	Min. qual. FR2	N. Seq. CDR2	Min. qual. CDR2	N. Seq. FR3	Min. qual. FR3	N. Seq. CDR3	Min. qual. CDR3	N. Seq. FR4	Min. qual. FR4	AA. seq. FR1	AA. seq. CDR1	AA. seq. FR2	AA. seq. CDR2	AA. seq. FR3	AA. seq. CDR3	AA. seq. FR4	Best V hit	Best J hit	V segments	J segments	Normalized clone count	Normalized clone fraction
27	0.00135324460294211	TGTGCTAGCAGTTTATGGGATTGGGAGCAGTACTTC	IIIIIIIIIIIIIIIIIIIIIIDIIIIDIII=IIII	TRBV29*00(575.8)	TRBD2*00(26)	TRBJ2-7*00(144.5)	NA	427|443|444|0|16||80.0	0|8|14|16|24|SC4T|26.0	7|19|43|24|36|SA9G|46.0	NA	NA	NA	NA	NA	NA	NA	NA	NA	NA	NA	TGTGCTAGCAGTTTATGGGATTGGGAGCAGTACTTC	28	NA	NA	NA	NA	NA	NA	NA	CASSLWDWEQYF	NA	TRBV1*00	TRBJ1-1*00	V1	J1-1	14	0.155555555555556
18	0.00133732407820162	TGCACCTGCAGTGCTTTAGGGAAAGGGGACACCTTGTACTTT	IIIIIIIIIIIIIIIIIIIIIIIIIIIIIIIIIIIIIIIIII	TRBV1*00(575.5)	TRBD1*00(36)	TRBJ2-4*00(110.9)	NA	433|447|450|0|14||70.0	0|10|12|18|28|SC4A|36.0	7|21|45|28|42||70.0	NA	NA	NA	NA	NA	NA	NA	NA	NA	NA	NA	TGCACCTGCAGTGCTTTAGGGAAAGGGGACACCTTGTACTTT	40	NA	NA	NA	NA	NA	NA	NA	CTCSALGKGDTLYF	NA	TRBV1*00	TRBJ1-2*00	V1	J1-2	18	0.2
2	0.00128956250398013	TGTGCCAGCAAGGACTGGGGGTATGAGCAGTACTTC	IIIIIIIIIIIIIAEEAE<EEEEEEEEEEEEEEEEE	TRBV19*00(698.7)	TRBD2*00(50)	TRBJ2-7*00(154.4)	NA	436|446|452|0|10||50.0	1|11|14|11|21||50.0	4|19|43|21|36|SA9G|61.0	NA	NA	NA	NA	NA	NA	NA	NA	NA	NA	NA	TGTGCCAGCAAGGACTGGGGGTATGAGCAGTACTTC	27	NA	NA	NA	NA	NA	NA	NA	CASKDWGYEQYF	NA	TRBV1*00	TRBJ1-3*00	V1	J1-3	17	0.188888888888889
77	0.00122588040501815	TGTGCCAGCAGTTGGGACAACTCCTATGAGCAGTACTTC	IIIIIIIIIIIIIIIIIIIIIIIIIIIIIIIIIIIIIII	TRBV24*00(456.9)	TRBD1*00(30)	TRBJ2-7*00(178.2)	NA	430|442|447|0|12||60.0	0|6|12|13|19||30.0	0|19|43|20|39|SA9G|81.0	NA	NA	NA	NA	NA	NA	NA	NA	NA	NA	NA	TGTGCCAGCAGTTGGGACAACTCCTATGAGCAGTACTTC	40	NA	NA	NA	NA	NA	NA	NA	CASSWDNSYEQYF	NA	TRBV1*00	TRBJ1-1*00	V1	J1-1	41	0.455555555555556
77	0.00122588040501815	TGTGCCAGCAGTCCTGGGGGGATGAACACCTTGTACTTT	IIIIIIIIIIIIIIIIIIIIIIIIIIIIIIIIIIIIIII	TRBV24*00(442.4)	TRBD2*00(40)	TRBJ2-4*00(115.9)	NA	430|443|447|0|13||65.0	4|12|14|13|21||40.0	6|21|45|24|39||75.0	NA	NA	NA	NA	NA	NA	NA	NA	NA	NA	NA	TGTGCCAGCAGTCCTGGGGGGATGAACACCTTGTACTTT	40	NA	NA	NA	NA	NA	NA	NA	CASSPGGMNTLYF	NA	TRBV24*00	TRBJ2-4*00	V24	J2-4	0	0
